BL51 BANKED LINKER/LOCATER V6.22                                                        03/19/2019  14:18:14  PAGE 1


BL51 BANKED LINKER/LOCATER V6.22, INVOKED BY:
E:\KEIL\C51\BIN\BL51.EXE STARTUP.obj, main.obj TO test RAMSIZE (256) CODE (0X0000-0XFFFE) XDATA (0X4000-0XFFFF)


MEMORY MODEL: SMALL


INPUT MODULES INCLUDED:
  STARTUP.obj (?C_STARTUP)
  main.obj (MAIN)
  E:\KEIL\C51\LIB\C51S.LIB (?C_INIT)
  E:\KEIL\C51\LIB\C51S.LIB (?C_XBP)


LINK MAP OF MODULE:  test (?C_STARTUP)


            TYPE    BASE      LENGTH    RELOCATION   SEGMENT NAME
            -----------------------------------------------------

            * * * * * * *   D A T A   M E M O R Y   * * * * * * *
            REG     0000H     0008H     ABSOLUTE     "REG BANK 0"
            DATA    0008H     0004H     UNIT         ?DT?MAIN
            DATA    000CH     0002H     UNIT         ?C?LIB_DATA
            IDATA   000EH     0001H     UNIT         ?STACK

            * * * * * * *  X D A T A   M E M O R Y  * * * * * * *
                    0000H     4000H                  *** GAP ***
            XDATA   4000H     0004H     UNIT         ?XD?MAIN

            * * * * * * *   C O D E   M E M O R Y   * * * * * * *
            CODE    0000H     0003H     ABSOLUTE     
            CODE    0003H     00F4H     UNIT         ?C_C51STARTUP
            CODE    00F7H     0013H     UNIT         ?C_INITSEG
            CODE    010AH     0012H     UNIT         ?PR?MAIN?MAIN



OVERLAY MAP OF MODULE:   test (?C_STARTUP)


SEGMENT
  +--> CALLED SEGMENT
---------------------
?C_C51STARTUP
  +--> ?PR?MAIN?MAIN
  +--> ?C_INITSEG



SYMBOL TABLE OF MODULE:  test (?C_STARTUP)

  VALUE           TYPE          NAME
  ----------------------------------

  -------         MODULE        ?C_STARTUP
  I:000EH         SEGMENT       ?STACK
  C:0003H         SEGMENT       ?C_C51STARTUP
BL51 BANKED LINKER/LOCATER V6.22                                                      03/19/2019  14:18:14  PAGE 2


  C:0000H         PUBLIC        ?C_STARTUP
  D:00E0H         SYMBOL        ACC
  D:00F0H         SYMBOL        B
  N:4000H         SYMBOL        BIOSLEN
  C:004EH         SYMBOL        BIOSLOOP
  C:006DH         SYMBOL        C_ENTER_ISP
  C:0062H         SYMBOL        C_EXIT_BOOT
  C:0072H         SYMBOL        C_WARM_BOOT
  D:0083H         SYMBOL        DPH
  D:0082H         SYMBOL        DPL
  N:0000H         SYMBOL        IBPSTACK
  N:0100H         SYMBOL        IBPSTACKTOP
  N:0080H         SYMBOL        IDATALEN
  C:0009H         SYMBOL        IDATALOOP
  D:0080H         SYMBOL        P0
  D:0090H         SYMBOL        P1
  D:00A0H         SYMBOL        P2
  D:00B0H         SYMBOL        P3
  N:0000H         SYMBOL        PBPSTACK
  N:0100H         SYMBOL        PBPSTACKTOP
  N:00FFH         SYMBOL        PDATALEN
  C:0025H         SYMBOL        PDATALOOP
  N:0000H         SYMBOL        PDATASTART
  N:0000H         SYMBOL        PPAGE
  N:0000H         SYMBOL        PPAGEENABLE
  D:00A0H         SYMBOL        PPAGE_SFR
  D:0081H         SYMBOL        SP
  C:0003H         SYMBOL        STARTUP1
  N:0001H         SYMBOL        XBPSTACK
  N:FE01H         SYMBOL        XBPSTACKTOP
  N:C000H         SYMBOL        XDATALEN
  C:0017H         SYMBOL        XDATALOOP
  N:4000H         SYMBOL        XDATASTART
  C:0000H         LINE#         136
  C:0003H         LINE#         143
  C:0006H         LINE#         145
  C:0008H         LINE#         146
  C:0009H         LINE#         147
  C:000AH         LINE#         148
  C:000CH         LINE#         153
  C:000FH         LINE#         155
  C:0012H         LINE#         156
  C:0014H         LINE#         160
  C:0016H         LINE#         162
  C:0017H         LINE#         163
  C:0018H         LINE#         164
  C:0019H         LINE#         165
  C:001BH         LINE#         166
  C:001DH         LINE#         170
  C:0020H         LINE#         176
  C:0022H         LINE#         177
  C:0024H         LINE#         178
  C:0025H         LINE#         179
  C:0026H         LINE#         180
  C:0027H         LINE#         181
  C:0029H         LINE#         184
  C:002CH         LINE#         191
BL51 BANKED LINKER/LOCATER V6.22                                                      03/19/2019  14:18:14  PAGE 3


  C:002FH         LINE#         195
  C:0032H         LINE#         196
  C:0035H         LINE#         199
  C:0038H         LINE#         205
  C:003BH         LINE#         206
  C:003EH         LINE#         208
  C:0041H         LINE#         212
  C:0044H         LINE#         213
  C:0047H         LINE#         214
  C:0049H         LINE#         218
  C:004BH         LINE#         220
  C:004EH         LINE#         221
  C:004FH         LINE#         222
  C:0050H         LINE#         223
  C:0051H         LINE#         224
  C:0052H         LINE#         225
  C:0054H         LINE#         226
  C:0056H         LINE#         228
  C:0059H         LINE#         230
  C:005CH         LINE#         232
  C:005FH         LINE#         244
  C:0062H         LINE#         246
  C:0065H         LINE#         247
  C:0068H         LINE#         248
  C:0069H         LINE#         249
  C:006CH         LINE#         250
  C:006DH         LINE#         252
  C:0070H         LINE#         254
  C:0071H         LINE#         256
  C:0072H         LINE#         258
  C:0075H         LINE#         259
  C:0076H         LINE#         260
  -------         ENDMOD        ?C_STARTUP

  -------         MODULE        MAIN
  C:0000H         SYMBOL        _ICE_DUMMY_
  D:0090H         PUBLIC        P1
  B:0090H.0       PUBLIC        P1_0
  B:0090H.1       PUBLIC        P1_1
  B:0090H.2       PUBLIC        P1_2
  B:0090H.3       PUBLIC        P1_3
  C:010AH         PUBLIC        main
  X:4000H         PUBLIC        xap
  D:0008H         PUBLIC        ap
  X:4003H         PUBLIC        xa
  D:000BH         PUBLIC        a
  -------         PROC          MAIN
  C:010AH         LINE#         13
  C:010AH         LINE#         14
  C:010AH         LINE#         15
  C:010AH         LINE#         16
  C:010AH         LINE#         17
  C:010CH         LINE#         18
  C:010EH         LINE#         19
  C:0110H         LINE#         20
  C:0112H         LINE#         22
  C:0114H         LINE#         23
BL51 BANKED LINKER/LOCATER V6.22                                                      03/19/2019  14:18:14  PAGE 4


  C:0116H         LINE#         24
  C:0118H         LINE#         25
  C:011AH         LINE#         26
  -------         ENDPROC       MAIN
  -------         ENDMOD        MAIN

  -------         MODULE        ?C_XBP
  D:000CH         PUBLIC        ?C_XBP
  -------         ENDMOD        ?C_XBP

Program Size: data=15.0 xdata=4 code=284
LINK/LOCATE RUN COMPLETE.  0 WARNING(S),  0 ERROR(S)
